I'm sorry, but errors were detected in your script. Please correct the
errors listed below, and try again.


File "game/script.rpy", line 125: Tab characters are not allowed in Ren'Py scripts.

Ren'Py Version: Ren'Py 6.99.8.959
